../Core/Src/encoder.c:31:7:track_get_absolute_position	16	static
../Core/Src/encoder.c:41:7:get_raw_angle	40	static
../Core/Src/encoder.c:57:6:track_update_position	24	static
../Core/Src/encoder.c:162:6:set_start_position	8	static
../Core/Src/encoder.c:168:6:set_zero_position	4	static
../Core/Src/encoder.c:176:6:left_wheel	16	static
../Core/Src/encoder.c:201:6:right_wheel	16	static
../Core/Src/encoder.c:246:6:update_pid_parameters	24	static
../Core/Src/encoder.c:258:6:go_to_velocity	24	static
../Core/Src/encoder.c:306:7:track_get_error_left	24	static
../Core/Src/encoder.c:314:7:track_get_error_right	24	static
