../Core/Src/main.c:188:5:main	8	static
../Core/Src/main.c:400:6:SystemClock_Config	72	static
../Core/Src/main.c:440:13:MX_I2C1_Init	8	static
../Core/Src/main.c:474:13:MX_I2C2_Init	8	static
../Core/Src/main.c:508:13:MX_IWDG_Init	8	static
../Core/Src/main.c:536:13:MX_SPI1_Init	8	static
../Core/Src/main.c:574:13:MX_SPI2_Init	8	static
../Core/Src/main.c:612:13:MX_TIM1_Init	96	static
../Core/Src/main.c:695:13:MX_TIM2_Init	64	static
../Core/Src/main.c:758:13:MX_TIM3_Init	32	static
../Core/Src/main.c:803:13:MX_USART1_UART_Init	8	static
../Core/Src/main.c:836:13:MX_USART2_UART_Init	8	static
../Core/Src/main.c:869:13:MX_GPIO_Init	48	static
../Core/Src/main.c:961:6:Error_Handler	4	static,ignoring_inline_asm
